// Jest Snapshot v1, https://goo.gl/fbAQLP

exports[`Container component should render a container with error 1`] = `"<div role=\\"complementary\\" class=\\"gridjs gridjs-container\\"><div class=\\"gridjs-wrapper\\"><table role=\\"grid\\" class=\\"gridjs-table\\"><tbody class=\\"gridjs-tbody\\"><tr class=\\"gridjs-tr\\"><td role=\\"alert\\" colspan=\\"0\\" class=\\"gridjs-td gridjs-message gridjs-error\\">An error happened while fetching the data</td></tr></tbody></table></div></div><div id=\\"gridjs-temp\\" class=\\"gridjs-temp\\"></div>"`;

exports[`Container component should render a container with searchable table 1`] = `"<div role=\\"complementary\\" class=\\"gridjs gridjs-container\\"><div class=\\"gridjs-head\\"><div class=\\"gridjs-search\\"><input type=\\"search\\" placeholder=\\"Type a keyword...\\" aria-label=\\"Type a keyword...\\" class=\\"gridjs-input gridjs-search-input\\"></div></div><div class=\\"gridjs-wrapper\\"><table role=\\"grid\\" class=\\"gridjs-table\\"><tbody class=\\"gridjs-tbody\\"><tr class=\\"gridjs-tr\\"><td class=\\"gridjs-td\\">1</td><td class=\\"gridjs-td\\">2</td><td class=\\"gridjs-td\\">3</td></tr><tr class=\\"gridjs-tr\\"><td class=\\"gridjs-td\\">a</td><td class=\\"gridjs-td\\">b</td><td class=\\"gridjs-td\\">c</td></tr></tbody></table></div></div><div id=\\"gridjs-temp\\" class=\\"gridjs-temp\\"></div>"`;

exports[`Container component should render a container with sortable and paginated table 1`] = `"<div role=\\"complementary\\" class=\\"gridjs gridjs-container\\"><div class=\\"gridjs-head\\"><div class=\\"gridjs-search\\"><input type=\\"search\\" placeholder=\\"Type a keyword...\\" aria-label=\\"Type a keyword...\\" class=\\"gridjs-input gridjs-search-input\\"></div></div><div class=\\"gridjs-wrapper\\"><table role=\\"grid\\" class=\\"gridjs-table\\"><thead class=\\"gridjs-thead\\"><tr class=\\"gridjs-tr\\"><th class=\\"gridjs-th\\">c1</th><th class=\\"gridjs-th gridjs-th-sort\\" tabindex=\\"0\\">c2<button tabindex=\\"-1\\" aria-label=\\"Sort column ascending\\" title=\\"Sort column ascending\\" class=\\"gridjs-sort gridjs-sort-neutral\\"></button></th><th class=\\"gridjs-th gridjs-th-sort\\" tabindex=\\"0\\">c3<button tabindex=\\"-1\\" aria-label=\\"Sort column ascending\\" title=\\"Sort column ascending\\" class=\\"gridjs-sort gridjs-sort-neutral\\"></button></th></tr></thead><tbody class=\\"gridjs-tbody\\"><tr class=\\"gridjs-tr\\"><td class=\\"gridjs-td\\">1</td><td class=\\"gridjs-td\\">2</td><td class=\\"gridjs-td\\">3</td></tr><tr class=\\"gridjs-tr\\"><td class=\\"gridjs-td\\">a</td><td class=\\"gridjs-td\\">b</td><td class=\\"gridjs-td\\">c</td></tr></tbody></table></div><div class=\\"gridjs-footer\\"><div class=\\"gridjs-pagination\\"><div role=\\"status\\" class=\\"gridjs-summary\\" title=\\"Page 1 of 1\\">Showing <b>1</b> to <b>2</b> of <b>2</b> results</div><div class=\\"gridjs-pages\\"><button tabindex=\\"0\\" disabled=\\"\\">Previous</button><button tabindex=\\"0\\" class=\\"gridjs-currentPage\\" title=\\"Page 1\\">1</button><button tabindex=\\"0\\" disabled=\\"\\">Next</button></div></div></div></div><div id=\\"gridjs-temp\\" class=\\"gridjs-temp\\"></div>"`;

exports[`Container component should render a container with table 1`] = `"<div role=\\"complementary\\" class=\\"gridjs gridjs-container\\"><div class=\\"gridjs-wrapper\\"><table role=\\"grid\\" class=\\"gridjs-table\\"><tbody class=\\"gridjs-tbody\\"><tr class=\\"gridjs-tr\\"><td class=\\"gridjs-td\\">1</td><td class=\\"gridjs-td\\">2</td><td class=\\"gridjs-td\\">3</td></tr><tr class=\\"gridjs-tr\\"><td class=\\"gridjs-td\\">a</td><td class=\\"gridjs-td\\">b</td><td class=\\"gridjs-td\\">c</td></tr></tbody></table></div></div><div id=\\"gridjs-temp\\" class=\\"gridjs-temp\\"></div>"`;

exports[`Container component should render a table with correct th widths 1`] = `"<div role=\\"complementary\\" class=\\"gridjs gridjs-container\\"><div class=\\"gridjs-wrapper\\"><table role=\\"grid\\" class=\\"gridjs-table\\"><thead class=\\"gridjs-thead\\"><tr class=\\"gridjs-tr\\"><th class=\\"gridjs-th\\" style=\\"width: 42px;\\">hello world</th><th class=\\"gridjs-th gridjs-th-sort\\" style=\\"width: 42px;\\" tabindex=\\"0\\">you are super cool<button tabindex=\\"-1\\" aria-label=\\"Sort column ascending\\" title=\\"Sort column ascending\\" class=\\"gridjs-sort gridjs-sort-neutral\\"></button></th><th class=\\"gridjs-th gridjs-th-sort\\" style=\\"width: 200px;\\" tabindex=\\"0\\">actions<button tabindex=\\"-1\\" aria-label=\\"Sort column ascending\\" title=\\"Sort column ascending\\" class=\\"gridjs-sort gridjs-sort-neutral\\"></button></th></tr></thead><tbody class=\\"gridjs-tbody\\"><tr class=\\"gridjs-tr\\"><td class=\\"gridjs-td\\">1</td><td class=\\"gridjs-td\\">2</td><td class=\\"gridjs-td\\">3</td></tr><tr class=\\"gridjs-tr\\"><td class=\\"gridjs-td\\">a</td><td class=\\"gridjs-td\\">b</td><td class=\\"gridjs-td\\">c</td></tr></tbody></table></div></div><div id=\\"gridjs-temp\\" class=\\"gridjs-temp\\"></div>"`;
