// Jest Snapshot v1, https://goo.gl/fbAQLP

exports[`TD component should render a tr element 1`] = `
<td>
  boo
</td>
`;
